<html>
<body>
<pre>
<h1>µVision Build Log</h1>
<h2>Tool Versions:</h2>
IDE-Version: µVision V5.38.0.0
Copyright (C) 2022 ARM Ltd and ARM Germany GmbH. All rights reserved.
License Information: tran luan, no, LIC=LSNXV-PM3CG-2Z4W4-FMKWG-XSR4U-4JY42
 
Tool Versions:
Toolchain:       MDK-ARM Plus  Version: 5.38.0.0
Toolchain Path:  C:\Keil_v5\ARM\ARMCLANG\Bin
C Compiler:      ArmClang.exe V6.19
Assembler:       Armasm.exe V6.19
Linker/Locator:  ArmLink.exe V6.19
Library Manager: ArmAr.exe V6.19
Hex Converter:   FromElf.exe V6.19
CPU DLL:         SARMCM3.DLL V5.38.0.0
Dialog DLL:      DCM.DLL V1.17.5.0
Target DLL:      UL2CM3.DLL V1.164.8.0
Dialog DLL:      TCM.DLL V1.56.4.0
 
<h2>Project:</h2>
C:\Users\asion\Desktop\embedded_automovie\UART\uart.uvprojx
Project File Date:  10/17/2023

<h2>Output:</h2>
*** Using Compiler 'V6.19', folder: 'C:\Keil_v5\ARM\ARMCLANG\Bin'
Build target 'Target 1'
main.c(1): warning: In file included from...
C:/Users/asion/AppData/Local/Arm/Packs/Keil/STM32F1xx_DFP/2.4.1/Device/Include\stm32f10x.h(18): warning: invalid UTF-8 in comment [-Winvalid-utf8]
  *              - To use or not the peripheral<92>s drivers in application code(i.e. 
                                               ^
C:/Users/asion/AppData/Local/Arm/Packs/Keil/STM32F1xx_DFP/2.4.1/Device/Include\stm32f10x.h(19): warning: invalid UTF-8 in comment [-Winvalid-utf8]
  *                code will be based on direct access to peripheral<92>s registers 
                                                                    ^
C:/Users/asion/AppData/Local/Arm/Packs/Keil/STM32F1xx_DFP/2.4.1/Device/Include\stm32f10x.h(26): warning: invalid UTF-8 in comment [-Winvalid-utf8]
  *           - Macros to access peripheral<92>s registers hardware
                                           ^
main.c(1): warning: In file included from...
C:/Users/asion/AppData/Local/Arm/Packs/Keil/STM32F1xx_DFP/2.4.1/Device/Include\stm32f10x.h(8347): warning: In file included from...
./RTE/Device/STM32F103C8\stm32f10x_conf.h(63): warning: In file included from...
C:/Users/asion/AppData/Local/Arm/Packs/Keil/STM32F1xx_DFP/2.4.1/Device/StdPeriph_Driver/inc\stm32f10x_gpio.h(31): warning: In file included from...
C:/Users/asion/AppData/Local/Arm/Packs/Keil/STM32F1xx_DFP/2.4.1/Device/Include\stm32f10x.h(18): warning: invalid UTF-8 in comment [-Winvalid-utf8]
  *              - To use or not the peripheral<92>s drivers in application code(i.e. 
                                               ^
C:/Users/asion/AppData/Local/Arm/Packs/Keil/STM32F1xx_DFP/2.4.1/Device/Include\stm32f10x.h(19): warning: invalid UTF-8 in comment [-Winvalid-utf8]
  *                code will be based on direct access to peripheral<92>s registers 
                                                                    ^
C:/Users/asion/AppData/Local/Arm/Packs/Keil/STM32F1xx_DFP/2.4.1/Device/Include\stm32f10x.h(26): warning: invalid UTF-8 in comment [-Winvalid-utf8]
  *           - Macros to access peripheral<92>s registers hardware
                                           ^
main.c(1): warning: In file included from...
C:/Users/asion/AppData/Local/Arm/Packs/Keil/STM32F1xx_DFP/2.4.1/Device/Include\stm32f10x.h(8347): warning: In file included from...
./RTE/Device/STM32F103C8\stm32f10x_conf.h(75): warning: In file included from...
C:/Users/asion/AppData/Local/Arm/Packs/Keil/STM32F1xx_DFP/2.4.1/Device/StdPeriph_Driver/inc\stm32f10x_rcc.h(31): warning: In file included from...
C:/Users/asion/AppData/Local/Arm/Packs/Keil/STM32F1xx_DFP/2.4.1/Device/Include\stm32f10x.h(18): warning: invalid UTF-8 in comment [-Winvalid-utf8]
  *              - To use or not the peripheral<92>s drivers in application code(i.e. 
                                               ^
C:/Users/asion/AppData/Local/Arm/Packs/Keil/STM32F1xx_DFP/2.4.1/Device/Include\stm32f10x.h(19): warning: invalid UTF-8 in comment [-Winvalid-utf8]
  *                code will be based on direct access to peripheral<92>s registers 
                                                                    ^
C:/Users/asion/AppData/Local/Arm/Packs/Keil/STM32F1xx_DFP/2.4.1/Device/Include\stm32f10x.h(26): warning: invalid UTF-8 in comment [-Winvalid-utf8]
  *           - Macros to access peripheral<92>s registers hardware
                                           ^
main.c(1): warning: In file included from...
C:/Users/asion/AppData/Local/Arm/Packs/Keil/STM32F1xx_DFP/2.4.1/Device/Include\stm32f10x.h(8347): warning: In file included from...
./RTE/Device/STM32F103C8\stm32f10x_conf.h(96): warning: In file included from...
C:/Users/asion/AppData/Local/Arm/Packs/Keil/STM32F1xx_DFP/2.4.1/Device/StdPeriph_Driver/inc\misc.h(31): warning: In file included from...
C:/Users/asion/AppData/Local/Arm/Packs/Keil/STM32F1xx_DFP/2.4.1/Device/Include\stm32f10x.h(18): warning: invalid UTF-8 in comment [-Winvalid-utf8]
  *              - To use or not the peripheral<92>s drivers in application code(i.e. 
                                               ^
C:/Users/asion/AppData/Local/Arm/Packs/Keil/STM32F1xx_DFP/2.4.1/Device/Include\stm32f10x.h(19): warning: invalid UTF-8 in comment [-Winvalid-utf8]
  *                code will be based on direct access to peripheral<92>s registers 
                                                                    ^
C:/Users/asion/AppData/Local/Arm/Packs/Keil/STM32F1xx_DFP/2.4.1/Device/Include\stm32f10x.h(26): warning: invalid UTF-8 in comment [-Winvalid-utf8]
  *           - Macros to access peripheral<92>s registers hardware
                                           ^
main.c(12): warning: // comments are not allowed in this language [-Wcomment]
void delay_us(float us){                //72,000,000, 100hz/100ms
                                        ^
main.c(13): warning: implicit conversion turns floating-point number into integer: 'float' to 'bool' [-Wfloat-conversion]
        while(us--);
        ~~~~~ ~~^~
main.c(12): warning: no previous prototype for function 'delay_us' [-Wmissing-prototypes]
void delay_us(float us){                //72,000,000, 100hz/100ms
     ^
main.c(12): note: declare 'static' if the function is not intended to be used outside of this translation unit
void delay_us(float us){                //72,000,000, 100hz/100ms
^
static 
main.c(19): warning: mixing declarations and code is a C99 extension [-Wdeclaration-after-statement]
        GPIO_InitTypeDef GPIO_InitStructure;
                         ^
main.c(16): warning: no previous prototype for function 'UART_Init' [-Wmissing-prototypes]
void UART_Init(void){
     ^
main.c(16): note: declare 'static' if the function is not intended to be used outside of this translation unit
void UART_Init(void){
^
static 
main.c(41): warning: implicit conversion loses floating-point precision: 'double' to 'float' [-Wimplicit-float-conversion]
                delay_us(0.104167);                                                             // 9600bits/1000ms ->1bit = 0.104167 ms
                ~~~~~~~~ ^~~~~~~~
main.c(44): warning: variable declaration in for loop is a C99-specific feature [-Wc99-extensions]
                for(int i =0; i< 8; i++){
                    ^
main.c(44): warning: GCC does not allow variable declarations in for loop initializers before C99 [-Wgcc-compat]
main.c(51): warning: implicit conversion loses floating-point precision: 'double' to 'float' [-Wimplicit-float-conversion]
                        delay_us(0.104167);
                        ~~~~~~~~ ^~~~~~~~
main.c(57): warning: implicit conversion loses floating-point precision: 'double' to 'float' [-Wimplicit-float-conversion]
                delay_us(0.104167);
                ~~~~~~~~ ^~~~~~~~
main.c(36): warning: while loop has empty body [-Wempty-body]
        while(GPIO_ReadInputDataBit(UART_PORT, TX_PIN) != Bit_RESET);
                                                                    ^
main.c(36): note: put the semicolon on a separate line to silence this warning
main.c(34): warning: no previous prototype for function 'UART_SendChar' [-Wmissing-prototypes]
void UART_SendChar(char c){
     ^
main.c(34): note: declare 'static' if the function is not intended to be used outside of this translation unit
void UART_SendChar(char c){
^
static 
main.c(66): warning: implicit conversion loses floating-point precision: 'double' to 'float' [-Wimplicit-float-conversion]
        delay_us(0.104167 / 2);                                         // Cho nua chu ki
        ~~~~~~~~ ~~~~~~~~~^~~
main.c(68): warning: variable declaration in for loop is a C99-specific feature [-Wc99-extensions]
        for(int i = 0; i < 8; i++){
            ^
main.c(68): warning: GCC does not allow variable declarations in for loop initializers before C99 [-Wgcc-compat]
main.c(70): warning: implicit conversion loses floating-point precision: 'double' to 'float' [-Wimplicit-float-conversion]
                delay_us(0.104167);
                ~~~~~~~~ ^~~~~~~~
main.c(79): warning: implicit conversion loses floating-point precision: 'double' to 'float' [-Wimplicit-float-conversion]
                        delay_us(0.104167);
                        ~~~~~~~~ ^~~~~~~~
main.c(62): warning: no previous prototype for function 'UART_ReceiveChar' [-Wmissing-prototypes]
char UART_ReceiveChar(void){
     ^
main.c(62): note: declare 'static' if the function is not intended to be used outside of this translation unit
char UART_ReceiveChar(void){
^
static 
main.c(72): warning: variable 'c' is uninitialized when used here [-Wuninitialized]
                c >>=1;
                ^
main.c(63): note: initialize the variable 'c' to silence this warning
        char c;
              ^
               = '\0'
main.c(108): warning: padding size of 'UART_Config' with 1 byte to alignment boundary [-Wpadded]
typedef struct {
        ^
main.c(117): warning: no previous prototype for function 'uart_init' [-Wmissing-prototypes]
void uart_init(uint32_t baud, ParityType parity, StopBits stop_bits, DataBits data_bits){
     ^
main.c(117): note: declare 'static' if the function is not intended to be used outside of this translation unit
void uart_init(uint32_t baud, ParityType parity, StopBits stop_bits, DataBits data_bits){
^
static 
main.c(136): warning: implicit conversion from 'uint32_t' (aka 'unsigned int') to 'float' may lose precision [-Wimplicit-int-float-conversion]
                delay_us(delay_time);                                                           // 9600bits/1000ms ->1bit = 0.104167 ms
                ~~~~~~~~ ^~~~~~~~~~
main.c(139): warning: variable declaration in for loop is a C99-specific feature [-Wc99-extensions]
                for(int i =0; i< global_uart_config.data_bits; i++){
                    ^
main.c(139): warning: GCC does not allow variable declarations in for loop initializers before C99 [-Wgcc-compat]
main.c(146): warning: implicit conversion from 'uint32_t' (aka 'unsigned int') to 'float' may lose precision [-Wimplicit-int-float-conversion]
                        delay_us(delay_time);
                        ~~~~~~~~ ^~~~~~~~~~
main.c(163): warning: implicit conversion from 'uint32_t' (aka 'unsigned int') to 'float' may lose precision [-Wimplicit-int-float-conversion]
                delay_us(delay_time);
                ~~~~~~~~ ^~~~~~~~~~
main.c(167): warning: implicit conversion from 'uint32_t' (aka 'unsigned int') to 'float' may lose precision [-Wimplicit-int-float-conversion]
                        delay_us(delay_time);
                        ~~~~~~~~ ^~~~~~~~~~
main.c(131): warning: while loop has empty body [-Wempty-body]
        while(GPIO_ReadInputDataBit(UART_PORT, TX_PIN) != Bit_RESET);
                                                                    ^
main.c(131): note: put the semicolon on a separate line to silence this warning
main.c(126): warning: no previous prototype for function 'UART_Transmit' [-Wmissing-prototypes]
void UART_Transmit(uint16_t data){
     ^
main.c(126): note: declare 'static' if the function is not intended to be used outside of this translation unit
void UART_Transmit(uint16_t data){
^
static 
main.c(171): warning: a function declaration without a prototype is deprecated in all versions of C [-Wstrict-prototypes]
int main(){
        ^
         void
main.c(182): warning: mixing declarations and code is a C99 extension [-Wdeclaration-after-statement]
                char Received = UART_ReceiveChar();
                     ^
main.c(182): warning: unused variable 'Received' [-Wunused-variable]
main.c(186): warning: no newline at end of file [-Wnewline-eof]
}
 ^
main.c(185): warning: 'return' will never be executed [-Wunreachable-code-return]
        return 0;
               ^
46 warnings generated.
compiling main.c...
linking...
Program Size: Code=2940 RO-data=252 RW-data=0 ZI-data=1640  
".\Objects\uart.axf" - 0 Error(s), 46 Warning(s).

<h2>Software Packages used:</h2>

Package Vendor: ARM
                http://www.keil.com/pack/ARM.CMSIS.5.9.0.pack
                ARM.CMSIS.5.9.0
                CMSIS (Common Microcontroller Software Interface Standard)
   * Component: CORE Version: 5.6.0

Package Vendor: Keil
                https://www.keil.com/pack/Keil.STM32F1xx_DFP.2.4.1.pack
                Keil.STM32F1xx_DFP.2.4.1
                STMicroelectronics STM32F1 Series Device Support, Drivers and Examples
   * Component: GPIO Version: 1.3
   * Component: Startup Version: 1.0.0
   * Component: Framework Version: 3.6.0
   * Component: GPIO Version: 3.6.0
   * Component: RCC Version: 3.6.0

<h2>Collection of Component include folders:</h2>
  ./RTE/Device/STM32F103C8
  ./RTE/_Target_1
  C:/Users/asion/AppData/Local/Arm/Packs/ARM/CMSIS/5.9.0/CMSIS/Core/Include
  C:/Users/asion/AppData/Local/Arm/Packs/Keil/STM32F1xx_DFP/2.4.1/Device/Include
  C:/Users/asion/AppData/Local/Arm/Packs/Keil/STM32F1xx_DFP/2.4.1/Device/StdPeriph_Driver/inc
  C:/Users/asion/AppData/Local/Arm/Packs/Keil/STM32F1xx_DFP/2.4.1/RTE_Driver

<h2>Collection of Component Files used:</h2>

   * Component: ARM::CMSIS:CORE:5.6.0

   * Component: Keil::Device:GPIO:1.3
      Include file:  RTE_Driver/GPIO_STM32F10x.h
      Source file:   RTE_Driver/GPIO_STM32F10x.c

   * Component: Keil::Device:Startup:1.0.0
      Source file:   Device/Source/ARM/startup_stm32f10x_md.s
      Source file:   Device/Source/system_stm32f10x.c
      Include file:  RTE_Driver/Config/RTE_Device.h
      Source file:   Device/Source/ARM/STM32F1xx_OPT.s

   * Component: Keil::Device:StdPeriph Drivers:Framework:3.6.0
      Source file:   Device/StdPeriph_Driver/src/misc.c
      Source file:   Device/StdPeriph_Driver/templates/stm32f10x_it.c
      Include file:  Device/StdPeriph_Driver/inc/misc.h
      Source file:   Device/StdPeriph_Driver/templates/stm32f10x_conf.h
      Include file:  Device/StdPeriph_Driver/templates/stm32f10x_it.h

   * Component: Keil::Device:StdPeriph Drivers:GPIO:3.6.0
      Include file:  Device/StdPeriph_Driver/inc/stm32f10x_gpio.h
      Source file:   Device/StdPeriph_Driver/src/stm32f10x_gpio.c

   * Component: Keil::Device:StdPeriph Drivers:RCC:3.6.0
      Source file:   Device/StdPeriph_Driver/src/stm32f10x_rcc.c
      Include file:  Device/StdPeriph_Driver/inc/stm32f10x_rcc.h
Build Time Elapsed:  00:00:02
</pre>
</body>
</html>
